<?php return array (
  0 => 'Symfony\\Bundle\\FrameworkBundle\\Controller\\AbstractController',
  1 => 'App\\Controller\\Admin\\CategoryController',
  2 => 'App\\Controller\\Admin\\CompaignController',
  3 => 'App\\Controller\\Admin\\CountryController',
  4 => 'App\\Controller\\Admin\\CronJobsController',
  5 => 'App\\Controller\\Admin\\FileController',
  6 => 'App\\Controller\\Admin\\GeographicalSystemController',
  7 => 'App\\Controller\\Admin\\ImageController',
  8 => 'App\\Controller\\Admin\\InterestController',
  9 => 'App\\Controller\\Admin\\LanguageController',
  10 => 'App\\Controller\\Admin\\LinkCaptureController',
  11 => 'App\\Controller\\Admin\\LinkController',
  12 => 'App\\Controller\\Admin\\LogController',
  13 => 'App\\Controller\\Admin\\MailHistoryController',
  14 => 'App\\Controller\\Admin\\MediaController',
  15 => 'App\\Controller\\Admin\\ReportingController',
  16 => 'App\\Controller\\Admin\\SettingController',
  17 => 'App\\Controller\\Admin\\UserController',
  18 => 'App\\Controller\\BaseController',
  19 => 'App\\Controller\\Front\\HomeController',
  20 => 'App\\Controller\\Front\\PasswordResetController',
  21 => 'App\\Controller\\Front\\SecurityController',
  22 => 'App\\Controller\\Front\\Security\\ConnectAzureController',
  23 => 'App\\Entity\\Category',
  24 => 'App\\Entity\\Compaign',
  25 => 'App\\Entity\\Country',
  26 => 'App\\Entity\\GeographicalSystem',
  27 => 'App\\Entity\\Interest',
  28 => 'App\\Entity\\Language',
  29 => 'App\\Entity\\Link',
  30 => 'App\\Entity\\LinkCapture',
  31 => 'App\\Entity\\Log',
  32 => 'App\\Entity\\MailHistory',
  33 => 'App\\Entity\\Media',
  34 => 'App\\Entity\\MediaGeographicalSystem',
  35 => 'App\\Entity\\MediaInterest',
  36 => 'App\\Entity\\MediaLanguages',
  37 => 'App\\Entity\\MediaSocialNetwork',
  38 => 'App\\Entity\\Setting',
  39 => 'App\\Entity\\User',
  40 => 'Cron\\CronBundle\\Entity\\CronJob',
  41 => 'Cron\\CronBundle\\Entity\\CronJobRepository',
  42 => 'Cron\\CronBundle\\Entity\\CronReport',
  43 => 'Cron\\CronBundle\\Entity\\CronReportRepository',
  44 => 'Doctrine\\Bundle\\DoctrineBundle\\Controller\\ProfilerController',
  45 => 'Doctrine\\ORM\\Cache\\Persister\\Entity\\AbstractEntityPersister',
  46 => 'Doctrine\\ORM\\Cache\\Persister\\Entity\\CachedEntityPersister',
  47 => 'Doctrine\\ORM\\Cache\\Persister\\Entity\\NonStrictReadWriteCachedEntityPersister',
  48 => 'Doctrine\\ORM\\Cache\\Persister\\Entity\\ReadOnlyCachedEntityPersister',
  49 => 'Doctrine\\ORM\\Cache\\Persister\\Entity\\ReadWriteCachedEntityPersister',
  50 => 'Doctrine\\ORM\\Persisters\\Entity\\AbstractEntityInheritancePersister',
  51 => 'Doctrine\\ORM\\Persisters\\Entity\\BasicEntityPersister',
  52 => 'Doctrine\\ORM\\Persisters\\Entity\\CachedPersisterContext',
  53 => 'Doctrine\\ORM\\Persisters\\Entity\\EntityPersister',
  54 => 'Doctrine\\ORM\\Persisters\\Entity\\JoinedSubclassPersister',
  55 => 'Doctrine\\ORM\\Persisters\\Entity\\SingleTablePersister',
  56 => 'Endroid\\QrCodeBundle\\Controller\\GenerateController',
  57 => 'HWI\\Bundle\\OAuthBundle\\Controller\\ConnectController',
  58 => 'HWI\\Bundle\\OAuthBundle\\Controller\\LoginController',
  59 => 'HWI\\Bundle\\OAuthBundle\\Controller\\RedirectToServiceController',
  61 => 'Symfony\\Bundle\\FrameworkBundle\\Controller\\ControllerResolver',
  62 => 'Symfony\\Bundle\\FrameworkBundle\\Controller\\RedirectController',
  63 => 'Symfony\\Bundle\\FrameworkBundle\\Controller\\TemplateController',
  64 => 'Symfony\\Bundle\\WebProfilerBundle\\Controller\\ExceptionPanelController',
  65 => 'Symfony\\Bundle\\WebProfilerBundle\\Controller\\ProfilerController',
  66 => 'Symfony\\Bundle\\WebProfilerBundle\\Controller\\RouterController',
  67 => 'Symfony\\Component\\HttpKernel\\Controller\\ArgumentResolver',
  68 => 'Symfony\\Component\\HttpKernel\\Controller\\ArgumentResolverInterface',
  69 => 'Symfony\\Component\\HttpKernel\\Controller\\ArgumentResolver\\DefaultValueResolver',
  70 => 'Symfony\\Component\\HttpKernel\\Controller\\ArgumentResolver\\NotTaggedControllerValueResolver',
  71 => 'Symfony\\Component\\HttpKernel\\Controller\\ArgumentResolver\\RequestAttributeValueResolver',
  72 => 'Symfony\\Component\\HttpKernel\\Controller\\ArgumentResolver\\RequestValueResolver',
  73 => 'Symfony\\Component\\HttpKernel\\Controller\\ArgumentResolver\\ServiceValueResolver',
  74 => 'Symfony\\Component\\HttpKernel\\Controller\\ArgumentResolver\\SessionValueResolver',
  75 => 'Symfony\\Component\\HttpKernel\\Controller\\ArgumentResolver\\TraceableValueResolver',
  76 => 'Symfony\\Component\\HttpKernel\\Controller\\ArgumentResolver\\VariadicValueResolver',
  77 => 'Symfony\\Component\\HttpKernel\\Controller\\ArgumentValueResolverInterface',
  78 => 'Symfony\\Component\\HttpKernel\\Controller\\ContainerControllerResolver',
  79 => 'Symfony\\Component\\HttpKernel\\Controller\\ControllerReference',
  80 => 'Symfony\\Component\\HttpKernel\\Controller\\ControllerResolver',
  81 => 'Symfony\\Component\\HttpKernel\\Controller\\ControllerResolverInterface',
  82 => 'Symfony\\Component\\HttpKernel\\Controller\\ErrorController',
  83 => 'Symfony\\Component\\HttpKernel\\Controller\\TraceableArgumentResolver',
  84 => 'Symfony\\Component\\HttpKernel\\Controller\\TraceableControllerResolver',
  85 => 'Symfony\\Component\\Security\\Http\\Controller\\UserValueResolver',
);